Traceback (most recent call last):
  File "/opt/hostedtoolcache/Python/3.7.12/x64/lib/python3.7/site-packages/jupyter_cache/executors/utils.py", line 56, in single_nb_execution
    record_timing=False,
  File "/opt/hostedtoolcache/Python/3.7.12/x64/lib/python3.7/site-packages/nbclient/client.py", line 1093, in execute
    return NotebookClient(nb=nb, resources=resources, km=km, **kwargs).execute()
  File "/opt/hostedtoolcache/Python/3.7.12/x64/lib/python3.7/site-packages/nbclient/util.py", line 84, in wrapped
    return just_run(coro(*args, **kwargs))
  File "/opt/hostedtoolcache/Python/3.7.12/x64/lib/python3.7/site-packages/nbclient/util.py", line 62, in just_run
    return loop.run_until_complete(coro)
  File "/opt/hostedtoolcache/Python/3.7.12/x64/lib/python3.7/asyncio/base_events.py", line 587, in run_until_complete
    return future.result()
  File "/opt/hostedtoolcache/Python/3.7.12/x64/lib/python3.7/site-packages/nbclient/client.py", line 560, in async_execute
    cell, index, execution_count=self.code_cells_executed + 1
  File "/opt/hostedtoolcache/Python/3.7.12/x64/lib/python3.7/site-packages/nbclient/client.py", line 854, in async_execute_cell
    self._check_raise_for_error(cell, exec_reply)
  File "/opt/hostedtoolcache/Python/3.7.12/x64/lib/python3.7/site-packages/nbclient/client.py", line 756, in _check_raise_for_error
    raise CellExecutionError.from_cell_and_msg(cell, exec_reply_content)
nbclient.exceptions.CellExecutionError: An error occurred while executing the following cell:
------------------
import pandas as pd

stations = pd.read_csv('solarstations.csv', sep=';', encoding='latin1')
------------------

[0;31m---------------------------------------------------------------------------[0m
[0;31mParserError[0m                               Traceback (most recent call last)
[0;32m/tmp/ipykernel_1826/338889030.py[0m in [0;36m<module>[0;34m[0m
[1;32m      1[0m [0;32mimport[0m [0mpandas[0m [0;32mas[0m [0mpd[0m[0;34m[0m[0;34m[0m[0m
[1;32m      2[0m [0;34m[0m[0m
[0;32m----> 3[0;31m [0mstations[0m [0;34m=[0m [0mpd[0m[0;34m.[0m[0mread_csv[0m[0;34m([0m[0;34m'solarstations.csv'[0m[0;34m,[0m [0msep[0m[0;34m=[0m[0;34m';'[0m[0;34m,[0m [0mencoding[0m[0;34m=[0m[0;34m'latin1'[0m[0;34m)[0m[0;34m[0m[0;34m[0m[0m
[0m
[0;32m/opt/hostedtoolcache/Python/3.7.12/x64/lib/python3.7/site-packages/pandas/util/_decorators.py[0m in [0;36mwrapper[0;34m(*args, **kwargs)[0m
[1;32m    309[0m                     [0mstacklevel[0m[0;34m=[0m[0mstacklevel[0m[0;34m,[0m[0;34m[0m[0;34m[0m[0m
[1;32m    310[0m                 )
[0;32m--> 311[0;31m             [0;32mreturn[0m [0mfunc[0m[0;34m([0m[0;34m*[0m[0margs[0m[0;34m,[0m [0;34m**[0m[0mkwargs[0m[0;34m)[0m[0;34m[0m[0;34m[0m[0m
[0m[1;32m    312[0m [0;34m[0m[0m
[1;32m    313[0m         [0;32mreturn[0m [0mwrapper[0m[0;34m[0m[0;34m[0m[0m

[0;32m/opt/hostedtoolcache/Python/3.7.12/x64/lib/python3.7/site-packages/pandas/io/parsers/readers.py[0m in [0;36mread_csv[0;34m(filepath_or_buffer, sep, delimiter, header, names, index_col, usecols, squeeze, prefix, mangle_dupe_cols, dtype, engine, converters, true_values, false_values, skipinitialspace, skiprows, skipfooter, nrows, na_values, keep_default_na, na_filter, verbose, skip_blank_lines, parse_dates, infer_datetime_format, keep_date_col, date_parser, dayfirst, cache_dates, iterator, chunksize, compression, thousands, decimal, lineterminator, quotechar, quoting, doublequote, escapechar, comment, encoding, encoding_errors, dialect, error_bad_lines, warn_bad_lines, on_bad_lines, delim_whitespace, low_memory, memory_map, float_precision, storage_options)[0m
[1;32m    584[0m     [0mkwds[0m[0;34m.[0m[0mupdate[0m[0;34m([0m[0mkwds_defaults[0m[0;34m)[0m[0;34m[0m[0;34m[0m[0m
[1;32m    585[0m [0;34m[0m[0m
[0;32m--> 586[0;31m     [0;32mreturn[0m [0m_read[0m[0;34m([0m[0mfilepath_or_buffer[0m[0;34m,[0m [0mkwds[0m[0;34m)[0m[0;34m[0m[0;34m[0m[0m
[0m[1;32m    587[0m [0;34m[0m[0m
[1;32m    588[0m [0;34m[0m[0m

[0;32m/opt/hostedtoolcache/Python/3.7.12/x64/lib/python3.7/site-packages/pandas/io/parsers/readers.py[0m in [0;36m_read[0;34m(filepath_or_buffer, kwds)[0m
[1;32m    486[0m [0;34m[0m[0m
[1;32m    487[0m     [0;32mwith[0m [0mparser[0m[0;34m:[0m[0;34m[0m[0;34m[0m[0m
[0;32m--> 488[0;31m         [0;32mreturn[0m [0mparser[0m[0;34m.[0m[0mread[0m[0;34m([0m[0mnrows[0m[0;34m)[0m[0;34m[0m[0;34m[0m[0m
[0m[1;32m    489[0m [0;34m[0m[0m
[1;32m    490[0m [0;34m[0m[0m

[0;32m/opt/hostedtoolcache/Python/3.7.12/x64/lib/python3.7/site-packages/pandas/io/parsers/readers.py[0m in [0;36mread[0;34m(self, nrows)[0m
[1;32m   1045[0m     [0;32mdef[0m [0mread[0m[0;34m([0m[0mself[0m[0;34m,[0m [0mnrows[0m[0;34m=[0m[0;32mNone[0m[0;34m)[0m[0;34m:[0m[0;34m[0m[0;34m[0m[0m
[1;32m   1046[0m         [0mnrows[0m [0;34m=[0m [0mvalidate_integer[0m[0;34m([0m[0;34m"nrows"[0m[0;34m,[0m [0mnrows[0m[0;34m)[0m[0;34m[0m[0;34m[0m[0m
[0;32m-> 1047[0;31m         [0mindex[0m[0;34m,[0m [0mcolumns[0m[0;34m,[0m [0mcol_dict[0m [0;34m=[0m [0mself[0m[0;34m.[0m[0m_engine[0m[0;34m.[0m[0mread[0m[0;34m([0m[0mnrows[0m[0;34m)[0m[0;34m[0m[0;34m[0m[0m
[0m[1;32m   1048[0m [0;34m[0m[0m
[1;32m   1049[0m         [0;32mif[0m [0mindex[0m [0;32mis[0m [0;32mNone[0m[0;34m:[0m[0;34m[0m[0;34m[0m[0m

[0;32m/opt/hostedtoolcache/Python/3.7.12/x64/lib/python3.7/site-packages/pandas/io/parsers/c_parser_wrapper.py[0m in [0;36mread[0;34m(self, nrows)[0m
[1;32m    222[0m         [0;32mtry[0m[0;34m:[0m[0;34m[0m[0;34m[0m[0m
[1;32m    223[0m             [0;32mif[0m [0mself[0m[0;34m.[0m[0mlow_memory[0m[0;34m:[0m[0;34m[0m[0;34m[0m[0m
[0;32m--> 224[0;31m                 [0mchunks[0m [0;34m=[0m [0mself[0m[0;34m.[0m[0m_reader[0m[0;34m.[0m[0mread_low_memory[0m[0;34m([0m[0mnrows[0m[0;34m)[0m[0;34m[0m[0;34m[0m[0m
[0m[1;32m    225[0m                 [0;31m# destructive to chunks[0m[0;34m[0m[0;34m[0m[0;34m[0m[0m
[1;32m    226[0m                 [0mdata[0m [0;34m=[0m [0m_concatenate_chunks[0m[0;34m([0m[0mchunks[0m[0;34m)[0m[0;34m[0m[0;34m[0m[0m

[0;32m/opt/hostedtoolcache/Python/3.7.12/x64/lib/python3.7/site-packages/pandas/_libs/parsers.pyx[0m in [0;36mpandas._libs.parsers.TextReader.read_low_memory[0;34m()[0m

[0;32m/opt/hostedtoolcache/Python/3.7.12/x64/lib/python3.7/site-packages/pandas/_libs/parsers.pyx[0m in [0;36mpandas._libs.parsers.TextReader._read_rows[0;34m()[0m

[0;32m/opt/hostedtoolcache/Python/3.7.12/x64/lib/python3.7/site-packages/pandas/_libs/parsers.pyx[0m in [0;36mpandas._libs.parsers.TextReader._tokenize_rows[0;34m()[0m

[0;32m/opt/hostedtoolcache/Python/3.7.12/x64/lib/python3.7/site-packages/pandas/_libs/parsers.pyx[0m in [0;36mpandas._libs.parsers.raise_parser_error[0;34m()[0m

[0;31mParserError[0m: Error tokenizing data. C error: Expected 3 fields in line 5, saw 4

ParserError: Error tokenizing data. C error: Expected 3 fields in line 5, saw 4


